#name "tests/test4.cl"
#1 '('
#1 '*'
#1 '.'
#1 '.'
#1 '.'
#1 '*'
#1 ')'
#1 CLASS
#1 INHERITS
#1 '{'
#1 ':'
#1 '<'
#1 '-'
#1 CASE
#1 OF
#1 ':'
#1 DARROW
#1 '('
#1 NEW
#1 ')'
#1 ';'
#1 ':'
#1 DARROW
#1 '('
#1 NEW
#1 ')'
#1 ';'
#1 ':'
#1 DARROW
#1 ';'
#1 ESAC
#1 ';'
#1 ':'
#1 IN
#1 '<'
#1 '-'
#1 '.'
#1 '('
#1 ')'
#1 '+'
#1 '.'
#1 '('
#1 ')'
#1 '+'
#1 '('
#1 ')'
#1 '+'
#1 IN
#1 '('
#1 ')'
#1 ';'
#1 '('
#1 ')'
#1 ':'
#1 IN
#1 '{'
#1 '('
#1 LET
#1 ':'
#1 IN
#1 '<'
#1 '-'
#1 IN
#1 '{'
#1 '<'
#1 '-'
#1 '+'
#1 INT_CONST 2
#1 ';'
#1 ';'
#1 '}'
#1 ')'
#1 '}'
#1 ';'
#1 '}'
#1 ';'
#1 CLASS
#1 INHERITS
#1 '{'
#1 ':'
#1 IN
#1 '<'
#1 '-'
#1 '('
#1 ')'
#1 ';'
#1 ':'
#1 '<'
#1 '-'
#1 IN
#1 '('
#1 ')'
#1 ';'
#1 '}'
#1 ';'
#1 CLASS
#1 INHERITS
#1 '{'
#1 ':'
#1 '<'
#1 '-'
#1 CASE
#1 OF
#1 ':'
#1 DARROW
#1 '('
#1 NEW
#1 ')'
#1 ';'
#1 ':'
#1 DARROW
#1 ';'
#1 ESAC
#1 ';'
#1 ':'
#1 IN
#1 '<'
#1 '-'
#1 '@'
#1 '.'
#1 '('
#1 ')'
#1 '+'
#1 '.'
#1 '('
#1 ')'
#1 '+'
#1 '.'
#1 '('
#1 ')'
#1 '+'
#1 '('
#1 ')'
#1 '+'
#1 IN
#1 '('
#1 ')'
#1 ';'
#1 '}'
#1 ';'
#1 CLASS
#1 INHERITS
#1 '{'
#1 ':'
#1 IN
#1 '<'
#1 '-'
#1 INT_CONST 1
#1 ';'
#1 ':'
#1 '<'
#1 '-'
#1 CASE
#1 OF
#1 ':'
#1 DARROW
#1 '('
#1 NEW
#1 ')'
#1 ';'
#1 ':'
#1 DARROW
#1 '('
#1 NEW
#1 ')'
#1 ';'
#1 ':'
#1 DARROW
#1 '('
#1 NEW
#1 ')'
#1 ';'
#1 ':'
#1 DARROW
#1 ';'
#1 ESAC
#1 ';'
#1 ':'
#1 '<'
#1 '-'
#1 IN
#1 '('
#1 ')'
#1 ';'
#1 IN
#1 '('
#1 ')'
#1 ':'
#1 IN
#1 '{'
#1 '{'
#1 IN
#1 '('
#1 ')'
#1 ';'
#1 INT_CONST 0
#1 ';'
#1 '}'
#1 '}'
#1 ';'
#1 '('
#1 ')'
#1 ':'
#1 IN
#1 '{'
#1 '('
#1 LET
#1 ':'
#1 IN
#1 '<'
#1 '-'
#1 IN
#1 '{'
#1 '<'
#1 '-'
#1 '+'
#1 INT_CONST 1
#1 ';'
#1 ';'
#1 '}'
#1 ')'
#1 '}'
#1 ';'
#1 '}'
#1 ';'
#1 '('
#1 '*'
#1 '.'
#1 '.'
#1 '.'
#1 '*'
#1 ')'
#1 CLASS
#1 IN
#1 '{'
#1 ':'
#1 '<'
#1 '-'
#1 NEW
#1 ';'
#1 ':'
#1 '<'
#1 '-'
#1 NEW
#1 ';'
#1 ':'
#1 '<'
#1 '-'
#1 NEW
#1 ';'
#1 ':'
#1 '<'
#1 '-'
#1 NEW
#1 ';'
#1 IN
#1 '('
#1 ')'
#1 ':'
#1 IN
#1 '{'
#1 NOT
#1 IN
#1 '}'
#1 ';'
#1 '}'
#1 ';'
LEXER BUG - UNMATCHED: h
LEXER BUG - UNMATCHED: a
LEXER BUG - UNMATCHED: i
LEXER BUG - UNMATCHED: r
LEXER BUG - UNMATCHED: y
LEXER BUG - UNMATCHED: F
LEXER BUG - UNMATCHED: o
LEXER BUG - UNMATCHED: o
LEXER BUG - UNMATCHED: B
LEXER BUG - UNMATCHED: a
LEXER BUG - UNMATCHED: z
LEXER BUG - UNMATCHED: z
LEXER BUG - UNMATCHED: a
LEXER BUG - UNMATCHED: R
LEXER BUG - UNMATCHED: a
LEXER BUG - UNMATCHED: z
LEXER BUG - UNMATCHED: z
LEXER BUG - UNMATCHED: s
LEXER BUG - UNMATCHED: e
LEXER BUG - UNMATCHED: l
LEXER BUG - UNMATCHED: f
LEXER BUG - UNMATCHED: n
LEXER BUG - UNMATCHED: R
LEXER BUG - UNMATCHED: a
LEXER BUG - UNMATCHED: z
LEXER BUG - UNMATCHED: z
LEXER BUG - UNMATCHED: B
LEXER BUG - UNMATCHED: a
LEXER BUG - UNMATCHED: r
LEXER BUG - UNMATCHED: n
LEXER BUG - UNMATCHED: F
LEXER BUG - UNMATCHED: o
LEXER BUG - UNMATCHED: o
LEXER BUG - UNMATCHED: R
LEXER BUG - UNMATCHED: a
LEXER BUG - UNMATCHED: z
LEXER BUG - UNMATCHED: z
LEXER BUG - UNMATCHED: n
LEXER BUG - UNMATCHED: B
LEXER BUG - UNMATCHED: a
LEXER BUG - UNMATCHED: r
LEXER BUG - UNMATCHED: n
LEXER BUG - UNMATCHED: b
LEXER BUG - UNMATCHED: t
LEXER BUG - UNMATCHED: a
LEXER BUG - UNMATCHED: d
LEXER BUG - UNMATCHED: o
LEXER BUG - UNMATCHED: h
LEXER BUG - UNMATCHED: g
LEXER BUG - UNMATCHED: d
LEXER BUG - UNMATCHED: o
LEXER BUG - UNMATCHED: h
LEXER BUG - UNMATCHED: d
LEXER BUG - UNMATCHED: o
LEXER BUG - UNMATCHED: h
LEXER BUG - UNMATCHED: p
LEXER BUG - UNMATCHED: r
LEXER BUG - UNMATCHED: t
LEXER BUG - UNMATCHED: h
LEXER BUG - UNMATCHED: d
LEXER BUG - UNMATCHED: o
LEXER BUG - UNMATCHED: h
LEXER BUG - UNMATCHED: t
LEXER BUG - UNMATCHED: i
LEXER BUG - UNMATCHED: t
LEXER BUG - UNMATCHED: h
LEXER BUG - UNMATCHED: h
LEXER BUG - UNMATCHED: h
LEXER BUG - UNMATCHED: i
LEXER BUG - UNMATCHED: B
LEXER BUG - UNMATCHED: a
LEXER BUG - UNMATCHED: r
LEXER BUG - UNMATCHED: R
LEXER BUG - UNMATCHED: a
LEXER BUG - UNMATCHED: z
LEXER BUG - UNMATCHED: z
LEXER BUG - UNMATCHED: c
LEXER BUG - UNMATCHED: t
LEXER BUG - UNMATCHED: d
LEXER BUG - UNMATCHED: o
LEXER BUG - UNMATCHED: h
LEXER BUG - UNMATCHED: d
LEXER BUG - UNMATCHED: O
LEXER BUG - UNMATCHED: b
LEXER BUG - UNMATCHED: j
LEXER BUG - UNMATCHED: e
LEXER BUG - UNMATCHED: c
LEXER BUG - UNMATCHED: t
LEXER BUG - UNMATCHED: p
LEXER BUG - UNMATCHED: r
LEXER BUG - UNMATCHED: t
LEXER BUG - UNMATCHED: h
LEXER BUG - UNMATCHED: R
LEXER BUG - UNMATCHED: a
LEXER BUG - UNMATCHED: z
LEXER BUG - UNMATCHED: z
LEXER BUG - UNMATCHED: F
LEXER BUG - UNMATCHED: o
LEXER BUG - UNMATCHED: o
LEXER BUG - UNMATCHED: e
LEXER BUG - UNMATCHED: B
LEXER BUG - UNMATCHED: a
LEXER BUG - UNMATCHED: r
LEXER BUG - UNMATCHED: s
LEXER BUG - UNMATCHED: e
LEXER BUG - UNMATCHED: l
LEXER BUG - UNMATCHED: f
LEXER BUG - UNMATCHED: n
LEXER BUG - UNMATCHED: R
LEXER BUG - UNMATCHED: a
LEXER BUG - UNMATCHED: z
LEXER BUG - UNMATCHED: z
LEXER BUG - UNMATCHED: B
LEXER BUG - UNMATCHED: a
LEXER BUG - UNMATCHED: r
LEXER BUG - UNMATCHED: n
LEXER BUG - UNMATCHED: B
LEXER BUG - UNMATCHED: a
LEXER BUG - UNMATCHED: r
LEXER BUG - UNMATCHED: n
LEXER BUG - UNMATCHED: f
LEXER BUG - UNMATCHED: t
LEXER BUG - UNMATCHED: a
LEXER BUG - UNMATCHED: B
LEXER BUG - UNMATCHED: a
LEXER BUG - UNMATCHED: z
LEXER BUG - UNMATCHED: z
LEXER BUG - UNMATCHED: d
LEXER BUG - UNMATCHED: o
LEXER BUG - UNMATCHED: h
LEXER BUG - UNMATCHED: g
LEXER BUG - UNMATCHED: d
LEXER BUG - UNMATCHED: o
LEXER BUG - UNMATCHED: h
LEXER BUG - UNMATCHED: e
LEXER BUG - UNMATCHED: d
LEXER BUG - UNMATCHED: o
LEXER BUG - UNMATCHED: h
LEXER BUG - UNMATCHED: d
LEXER BUG - UNMATCHED: o
LEXER BUG - UNMATCHED: h
LEXER BUG - UNMATCHED: p
LEXER BUG - UNMATCHED: r
LEXER BUG - UNMATCHED: t
LEXER BUG - UNMATCHED: h
LEXER BUG - UNMATCHED: B
LEXER BUG - UNMATCHED: a
LEXER BUG - UNMATCHED: z
LEXER BUG - UNMATCHED: z
LEXER BUG - UNMATCHED: I
LEXER BUG - UNMATCHED: O
LEXER BUG - UNMATCHED: h
LEXER BUG - UNMATCHED: t
LEXER BUG - UNMATCHED: g
LEXER BUG - UNMATCHED: F
LEXER BUG - UNMATCHED: o
LEXER BUG - UNMATCHED: o
LEXER BUG - UNMATCHED: s
LEXER BUG - UNMATCHED: e
LEXER BUG - UNMATCHED: l
LEXER BUG - UNMATCHED: f
LEXER BUG - UNMATCHED: n
LEXER BUG - UNMATCHED: B
LEXER BUG - UNMATCHED: a
LEXER BUG - UNMATCHED: z
LEXER BUG - UNMATCHED: z
LEXER BUG - UNMATCHED: F
LEXER BUG - UNMATCHED: o
LEXER BUG - UNMATCHED: o
LEXER BUG - UNMATCHED: n
LEXER BUG - UNMATCHED: R
LEXER BUG - UNMATCHED: a
LEXER BUG - UNMATCHED: z
LEXER BUG - UNMATCHED: z
LEXER BUG - UNMATCHED: B
LEXER BUG - UNMATCHED: a
LEXER BUG - UNMATCHED: r
LEXER BUG - UNMATCHED: n
LEXER BUG - UNMATCHED: F
LEXER BUG - UNMATCHED: o
LEXER BUG - UNMATCHED: o
LEXER BUG - UNMATCHED: R
LEXER BUG - UNMATCHED: a
LEXER BUG - UNMATCHED: z
LEXER BUG - UNMATCHED: z
LEXER BUG - UNMATCHED: n
LEXER BUG - UNMATCHED: B
LEXER BUG - UNMATCHED: a
LEXER BUG - UNMATCHED: r
LEXER BUG - UNMATCHED: n
LEXER BUG - UNMATCHED: i
LEXER BUG - UNMATCHED: O
LEXER BUG - UNMATCHED: b
LEXER BUG - UNMATCHED: j
LEXER BUG - UNMATCHED: e
LEXER BUG - UNMATCHED: c
LEXER BUG - UNMATCHED: t
LEXER BUG - UNMATCHED: p
LEXER BUG - UNMATCHED: r
LEXER BUG - UNMATCHED: t
LEXER BUG - UNMATCHED: h
LEXER BUG - UNMATCHED: p
LEXER BUG - UNMATCHED: r
LEXER BUG - UNMATCHED: t
LEXER BUG - UNMATCHED: h
LEXER BUG - UNMATCHED: t
LEXER BUG - UNMATCHED: o
LEXER BUG - UNMATCHED: u
LEXER BUG - UNMATCHED: t
LEXER BUG - UNMATCHED: _
LEXER BUG - UNMATCHED: t
LEXER BUG - UNMATCHED: h
LEXER BUG - UNMATCHED: d
LEXER BUG - UNMATCHED: o
LEXER BUG - UNMATCHED: h
LEXER BUG - UNMATCHED: t
LEXER BUG - UNMATCHED: i
LEXER BUG - UNMATCHED: t
LEXER BUG - UNMATCHED: h
LEXER BUG - UNMATCHED: h
LEXER BUG - UNMATCHED: h
LEXER BUG - UNMATCHED: i
LEXER BUG - UNMATCHED: s
LEXER BUG - UNMATCHED: c
LEXER BUG - UNMATCHED: a
LEXER BUG - UNMATCHED: r
LEXER BUG - UNMATCHED: y
LEXER BUG - UNMATCHED: M
LEXER BUG - UNMATCHED: a
LEXER BUG - UNMATCHED: a
LEXER BUG - UNMATCHED: B
LEXER BUG - UNMATCHED: a
LEXER BUG - UNMATCHED: z
LEXER BUG - UNMATCHED: z
LEXER BUG - UNMATCHED: B
LEXER BUG - UNMATCHED: a
LEXER BUG - UNMATCHED: z
LEXER BUG - UNMATCHED: z
LEXER BUG - UNMATCHED: b
LEXER BUG - UNMATCHED: F
LEXER BUG - UNMATCHED: o
LEXER BUG - UNMATCHED: o
LEXER BUG - UNMATCHED: F
LEXER BUG - UNMATCHED: o
LEXER BUG - UNMATCHED: o
LEXER BUG - UNMATCHED: c
LEXER BUG - UNMATCHED: R
LEXER BUG - UNMATCHED: a
LEXER BUG - UNMATCHED: z
LEXER BUG - UNMATCHED: z
LEXER BUG - UNMATCHED: R
LEXER BUG - UNMATCHED: a
LEXER BUG - UNMATCHED: z
LEXER BUG - UNMATCHED: z
LEXER BUG - UNMATCHED: d
LEXER BUG - UNMATCHED: B
LEXER BUG - UNMATCHED: a
LEXER BUG - UNMATCHED: r
LEXER BUG - UNMATCHED: B
LEXER BUG - UNMATCHED: a
LEXER BUG - UNMATCHED: r
LEXER BUG - UNMATCHED: m
LEXER BUG - UNMATCHED: a
LEXER BUG - UNMATCHED: S
LEXER BUG - UNMATCHED: t
LEXER BUG - UNMATCHED: r
LEXER BUG - UNMATCHED: g
LEXER BUG - UNMATCHED: "
LEXER BUG - UNMATCHED: d
LEXER BUG - UNMATCHED: o
LEXER BUG - UNMATCHED: h
LEXER BUG - UNMATCHED: g
LEXER BUG - UNMATCHED: "
