#name "tests/test5.cl"
#1 '('
#1 '*'
#1 '-'
#1 OF
#1 FI
#1 IN
#1 ','
#1 ','
#1 ','
#1 IN
#1 '*'
#1 ')'
#1 CLASS
#1 INHERITS
#1 '{'
#1 ':'
#1 IN
#1 ';'
#1 IN
#1 '('
#1 ':'
#1 IN
#1 ')'
#1 ':'
#1 '{'
#1 '{'
#1 '<'
#1 '-'
#1 ';'
#1 ';'
#1 '}'
#1 '}'
#1 ';'
#1 IN
#1 '('
#1 ')'
#1 ':'
#1 '{'
#1 '{'
#1 IN
#1 '('
#1 '.'
#1 '('
#1 ')'
#1 ')'
#1 ';'
#1 ';'
#1 '}'
#1 '}'
#1 ';'
#1 '('
#1 ')'
#1 ':'
#1 IN
#1 '{'
#1 '.'
#1 '('
#1 ')'
#1 '}'
#1 ';'
#1 '('
#1 ':'
#1 IN
#1 ')'
#1 ':'
#1 IN
#1 '{'
#1 '.'
#1 '('
#1 ','
#1 INT_CONST 1
#1 ')'
#1 '}'
#1 ';'
#1 '('
#1 ':'
#1 IN
#1 ')'
#1 ':'
#1 IN
#1 '{'
#1 IF
#1 '='
#1 INT_CONST 0
#1 THEN
#1 '('
#1 '('
#1 ')'
#1 '-'
#1 INT_CONST 1
#1 ')'
#1 ELSE
#1 '('
#1 '-'
#1 INT_CONST 1
#1 ')'
#1 FI
#1 '}'
#1 ';'
#1 '('
#1 ':'
#1 IN
#1 ')'
#1 ':'
#1 IN
#1 '{'
#1 IF
#1 '='
#1 '('
#1 ')'
#1 '-'
#1 INT_CONST 1
#1 THEN
#1 '('
#1 INT_CONST 0
#1 ')'
#1 ELSE
#1 '('
#1 '+'
#1 INT_CONST 1
#1 ')'
#1 FI
#1 '}'
#1 ';'
#1 '('
#1 '*'
#1 IF
#1 INT_CONST 1
#1 OF
#1 '*'
#1 ')'
#1 '('
#1 ':'
#1 IN
#1 ')'
#1 ':'
#1 IN
#1 '{'
#1 IF
#1 '('
#1 IF
#1 '('
#1 ')'
#1 '='
#1 THEN
#1 INT_CONST 1
#1 ELSE
#1 INT_CONST 0
#1 FI
#1 '+'
#1 IF
#1 '('
#1 ')'
#1 '='
#1 THEN
#1 INT_CONST 1
#1 ELSE
#1 INT_CONST 0
#1 FI
#1 '+'
#1 IF
#1 '('
#1 ')'
#1 '='
#1 THEN
#1 INT_CONST 1
#1 ELSE
#1 INT_CONST 0
#1 FI
#1 '='
#1 INT_CONST 1
#1 ')'
#1 THEN
#1 ELSE
#1 '.'
#1 FI
#1 '}'
#1 ';'
#1 '('
#1 ')'
#1 ':'
#1 '{'
#1 '('
#1 LET
#1 ':'
#1 IN
#1 IN
#1 '('
#1 LET
#1 ':'
#1 IN
#1 '<'
#1 '-'
#1 IN
#1 '('
#1 LET
#1 ':'
#1 IN
#1 IN
#1 '{'
#1 WHILE
#1 '<'
#1 LOOP
#1 '{'
#1 '<'
#1 '-'
#1 '.'
#1 '('
#1 '('
#1 ')'
#1 ')'
#1 ';'
#1 '<'
#1 '-'
#1 '+'
#1 INT_CONST 1
#1 ';'
#1 '}'
#1 POOL
#1 ';'
#1 '<'
#1 '-'
#1 ';'
#1 ';'
#1 '}'
#1 ')'
#1 ')'
#1 ')'
#1 '}'
#1 ';'
#1 '}'
#1 ';'
#1 CLASS
#1 IN
#1 '{'
#1 ':'
#1 ';'
#1 IN
#1 '('
#1 ')'
#1 ':'
#1 '{'
#1 '{'
#1 '<'
#1 '-'
#1 '('
#1 NEW
#1 ')'
#1 '.'
#1 IN
#1 '('
#1 ')'
#1 ';'
#1 '.'
#1 IN
#1 '('
#1 ')'
#1 ';'
#1 '('
#1 LET
#1 ':'
#1 IN
#1 '<'
#1 '-'
#1 INT_CONST 20
#1 IN
#1 WHILE
#1 INT_CONST 0
#1 LOOP
#1 '{'
#1 '.'
#1 '('
#1 ')'
#1 ';'
#1 '.'
#1 IN
#1 '('
#1 ')'
#1 ';'
#1 '<'
#1 '-'
#1 '-'
#1 INT_CONST 1
#1 ';'
#1 POOL
#1 ')'
#1 ';'
#1 '('
#1 '*'
#1 LET
#1 ';'
#1 '}'
#1 '}'
#1 ';'
#1 '}'
#1 ';'
LEXER BUG - UNMATCHED: m
LEXER BUG - UNMATCHED: o
LEXER BUG - UNMATCHED: d
LEXER BUG - UNMATCHED: e
LEXER BUG - UNMATCHED: l
LEXER BUG - UNMATCHED: s
LEXER BUG - UNMATCHED: o
LEXER BUG - UNMATCHED: n
LEXER BUG - UNMATCHED: e
LEXER BUG - UNMATCHED: d
LEXER BUG - UNMATCHED: i
LEXER BUG - UNMATCHED: m
LEXER BUG - UNMATCHED: e
LEXER BUG - UNMATCHED: n
LEXER BUG - UNMATCHED: s
LEXER BUG - UNMATCHED: i
LEXER BUG - UNMATCHED: o
LEXER BUG - UNMATCHED: n
LEXER BUG - UNMATCHED: a
LEXER BUG - UNMATCHED: l
LEXER BUG - UNMATCHED: c
LEXER BUG - UNMATCHED: e
LEXER BUG - UNMATCHED: l
LEXER BUG - UNMATCHED: l
LEXER BUG - UNMATCHED: u
LEXER BUG - UNMATCHED: l
LEXER BUG - UNMATCHED: a
LEXER BUG - UNMATCHED: r
LEXER BUG - UNMATCHED: a
LEXER BUG - UNMATCHED: u
LEXER BUG - UNMATCHED: t
LEXER BUG - UNMATCHED: o
LEXER BUG - UNMATCHED: m
LEXER BUG - UNMATCHED: a
LEXER BUG - UNMATCHED: t
LEXER BUG - UNMATCHED: o
LEXER BUG - UNMATCHED: n
LEXER BUG - UNMATCHED: o
LEXER BUG - UNMATCHED: n
LEXER BUG - UNMATCHED: a
LEXER BUG - UNMATCHED: c
LEXER BUG - UNMATCHED: i
LEXER BUG - UNMATCHED: r
LEXER BUG - UNMATCHED: c
LEXER BUG - UNMATCHED: l
LEXER BUG - UNMATCHED: e
LEXER BUG - UNMATCHED: n
LEXER BUG - UNMATCHED: i
LEXER BUG - UNMATCHED: t
LEXER BUG - UNMATCHED: e
LEXER BUG - UNMATCHED: r
LEXER BUG - UNMATCHED: a
LEXER BUG - UNMATCHED: d
LEXER BUG - UNMATCHED: i
LEXER BUG - UNMATCHED: u
LEXER BUG - UNMATCHED: s
LEXER BUG - UNMATCHED: a
LEXER BUG - UNMATCHED: r
LEXER BUG - UNMATCHED: r
LEXER BUG - UNMATCHED: a
LEXER BUG - UNMATCHED: y
LEXER BUG - UNMATCHED: s
LEXER BUG - UNMATCHED: a
LEXER BUG - UNMATCHED: r
LEXER BUG - UNMATCHED: e
LEXER BUG - UNMATCHED: f
LEXER BUG - UNMATCHED: a
LEXER BUG - UNMATCHED: k
LEXER BUG - UNMATCHED: e
LEXER BUG - UNMATCHED: d
LEXER BUG - UNMATCHED: a
LEXER BUG - UNMATCHED: s
LEXER BUG - UNMATCHED: S
LEXER BUG - UNMATCHED: t
LEXER BUG - UNMATCHED: r
LEXER BUG - UNMATCHED: g
LEXER BUG - UNMATCHED: s
LEXER BUG - UNMATCHED: X
LEXER BUG - UNMATCHED: '
LEXER BUG - UNMATCHED: s
LEXER BUG - UNMATCHED: r
LEXER BUG - UNMATCHED: e
LEXER BUG - UNMATCHED: s
LEXER BUG - UNMATCHED: p
LEXER BUG - UNMATCHED: r
LEXER BUG - UNMATCHED: e
LEXER BUG - UNMATCHED: s
LEXER BUG - UNMATCHED: e
LEXER BUG - UNMATCHED: n
LEXER BUG - UNMATCHED: t
LEXER BUG - UNMATCHED: l
LEXER BUG - UNMATCHED: i
LEXER BUG - UNMATCHED: v
LEXER BUG - UNMATCHED: e
LEXER BUG - UNMATCHED: c
LEXER BUG - UNMATCHED: e
LEXER BUG - UNMATCHED: l
LEXER BUG - UNMATCHED: l
LEXER BUG - UNMATCHED: s
LEXER BUG - UNMATCHED: d
LEXER BUG - UNMATCHED: o
LEXER BUG - UNMATCHED: t
LEXER BUG - UNMATCHED: s
LEXER BUG - UNMATCHED: r
LEXER BUG - UNMATCHED: e
LEXER BUG - UNMATCHED: p
LEXER BUG - UNMATCHED: r
LEXER BUG - UNMATCHED: e
LEXER BUG - UNMATCHED: s
LEXER BUG - UNMATCHED: e
LEXER BUG - UNMATCHED: n
LEXER BUG - UNMATCHED: t
LEXER BUG - UNMATCHED: d
LEXER BUG - UNMATCHED: e
LEXER BUG - UNMATCHED: a
LEXER BUG - UNMATCHED: d
LEXER BUG - UNMATCHED: c
LEXER BUG - UNMATCHED: e
LEXER BUG - UNMATCHED: l
LEXER BUG - UNMATCHED: l
LEXER BUG - UNMATCHED: s
LEXER BUG - UNMATCHED: n
LEXER BUG - UNMATCHED: o
LEXER BUG - UNMATCHED: e
LEXER BUG - UNMATCHED: r
LEXER BUG - UNMATCHED: r
LEXER BUG - UNMATCHED: o
LEXER BUG - UNMATCHED: r
LEXER BUG - UNMATCHED: c
LEXER BUG - UNMATCHED: h
LEXER BUG - UNMATCHED: e
LEXER BUG - UNMATCHED: c
LEXER BUG - UNMATCHED: k
LEXER BUG - UNMATCHED: g
LEXER BUG - UNMATCHED: i
LEXER BUG - UNMATCHED: s
LEXER BUG - UNMATCHED: d
LEXER BUG - UNMATCHED: o
LEXER BUG - UNMATCHED: n
LEXER BUG - UNMATCHED: e
LEXER BUG - UNMATCHED: C
LEXER BUG - UNMATCHED: e
LEXER BUG - UNMATCHED: l
LEXER BUG - UNMATCHED: l
LEXER BUG - UNMATCHED: u
LEXER BUG - UNMATCHED: l
LEXER BUG - UNMATCHED: a
LEXER BUG - UNMATCHED: r
LEXER BUG - UNMATCHED: A
LEXER BUG - UNMATCHED: u
LEXER BUG - UNMATCHED: t
LEXER BUG - UNMATCHED: o
LEXER BUG - UNMATCHED: m
LEXER BUG - UNMATCHED: a
LEXER BUG - UNMATCHED: t
LEXER BUG - UNMATCHED: o
LEXER BUG - UNMATCHED: n
LEXER BUG - UNMATCHED: I
LEXER BUG - UNMATCHED: O
LEXER BUG - UNMATCHED: p
LEXER BUG - UNMATCHED: o
LEXER BUG - UNMATCHED: p
LEXER BUG - UNMATCHED: u
LEXER BUG - UNMATCHED: l
LEXER BUG - UNMATCHED: a
LEXER BUG - UNMATCHED: t
LEXER BUG - UNMATCHED: i
LEXER BUG - UNMATCHED: o
LEXER BUG - UNMATCHED: n
LEXER BUG - UNMATCHED: _
LEXER BUG - UNMATCHED: m
LEXER BUG - UNMATCHED: a
LEXER BUG - UNMATCHED: p
LEXER BUG - UNMATCHED: S
LEXER BUG - UNMATCHED: t
LEXER BUG - UNMATCHED: r
LEXER BUG - UNMATCHED: g
LEXER BUG - UNMATCHED: i
LEXER BUG - UNMATCHED: t
LEXER BUG - UNMATCHED: m
LEXER BUG - UNMATCHED: a
LEXER BUG - UNMATCHED: p
LEXER BUG - UNMATCHED: S
LEXER BUG - UNMATCHED: t
LEXER BUG - UNMATCHED: r
LEXER BUG - UNMATCHED: g
LEXER BUG - UNMATCHED: S
LEXER BUG - UNMATCHED: E
LEXER BUG - UNMATCHED: L
LEXER BUG - UNMATCHED: F
LEXER BUG - UNMATCHED: _
LEXER BUG - UNMATCHED: T
LEXER BUG - UNMATCHED: Y
LEXER BUG - UNMATCHED: P
LEXER BUG - UNMATCHED: E
LEXER BUG - UNMATCHED: p
LEXER BUG - UNMATCHED: o
LEXER BUG - UNMATCHED: p
LEXER BUG - UNMATCHED: u
LEXER BUG - UNMATCHED: l
LEXER BUG - UNMATCHED: a
LEXER BUG - UNMATCHED: t
LEXER BUG - UNMATCHED: i
LEXER BUG - UNMATCHED: o
LEXER BUG - UNMATCHED: n
LEXER BUG - UNMATCHED: _
LEXER BUG - UNMATCHED: m
LEXER BUG - UNMATCHED: a
LEXER BUG - UNMATCHED: p
LEXER BUG - UNMATCHED: m
LEXER BUG - UNMATCHED: a
LEXER BUG - UNMATCHED: p
LEXER BUG - UNMATCHED: s
LEXER BUG - UNMATCHED: e
LEXER BUG - UNMATCHED: l
LEXER BUG - UNMATCHED: f
LEXER BUG - UNMATCHED: p
LEXER BUG - UNMATCHED: r
LEXER BUG - UNMATCHED: t
LEXER BUG - UNMATCHED: S
LEXER BUG - UNMATCHED: E
LEXER BUG - UNMATCHED: L
LEXER BUG - UNMATCHED: F
LEXER BUG - UNMATCHED: _
LEXER BUG - UNMATCHED: T
LEXER BUG - UNMATCHED: Y
LEXER BUG - UNMATCHED: P
LEXER BUG - UNMATCHED: E
LEXER BUG - UNMATCHED: o
LEXER BUG - UNMATCHED: u
LEXER BUG - UNMATCHED: t
LEXER BUG - UNMATCHED: _
LEXER BUG - UNMATCHED: s
LEXER BUG - UNMATCHED: t
LEXER BUG - UNMATCHED: r
LEXER BUG - UNMATCHED: g
LEXER BUG - UNMATCHED: p
LEXER BUG - UNMATCHED: o
LEXER BUG - UNMATCHED: p
LEXER BUG - UNMATCHED: u
LEXER BUG - UNMATCHED: l
LEXER BUG - UNMATCHED: a
LEXER BUG - UNMATCHED: t
LEXER BUG - UNMATCHED: i
LEXER BUG - UNMATCHED: o
LEXER BUG - UNMATCHED: n
LEXER BUG - UNMATCHED: _
LEXER BUG - UNMATCHED: m
LEXER BUG - UNMATCHED: a
LEXER BUG - UNMATCHED: p
LEXER BUG - UNMATCHED: c
LEXER BUG - UNMATCHED: o
LEXER BUG - UNMATCHED: n
LEXER BUG - UNMATCHED: c
LEXER BUG - UNMATCHED: a
LEXER BUG - UNMATCHED: t
LEXER BUG - UNMATCHED: "
LEXER BUG - UNMATCHED: \
LEXER BUG - UNMATCHED: n
LEXER BUG - UNMATCHED: "
LEXER BUG - UNMATCHED: s
LEXER BUG - UNMATCHED: e
LEXER BUG - UNMATCHED: l
LEXER BUG - UNMATCHED: f
LEXER BUG - UNMATCHED: n
LEXER BUG - UNMATCHED: u
LEXER BUG - UNMATCHED: m
LEXER BUG - UNMATCHED: _
LEXER BUG - UNMATCHED: c
LEXER BUG - UNMATCHED: e
LEXER BUG - UNMATCHED: l
LEXER BUG - UNMATCHED: l
LEXER BUG - UNMATCHED: s
LEXER BUG - UNMATCHED: t
LEXER BUG - UNMATCHED: p
LEXER BUG - UNMATCHED: o
LEXER BUG - UNMATCHED: p
LEXER BUG - UNMATCHED: u
LEXER BUG - UNMATCHED: l
LEXER BUG - UNMATCHED: a
LEXER BUG - UNMATCHED: t
LEXER BUG - UNMATCHED: i
LEXER BUG - UNMATCHED: o
LEXER BUG - UNMATCHED: n
LEXER BUG - UNMATCHED: _
LEXER BUG - UNMATCHED: m
LEXER BUG - UNMATCHED: a
LEXER BUG - UNMATCHED: p
LEXER BUG - UNMATCHED: l
LEXER BUG - UNMATCHED: e
LEXER BUG - UNMATCHED: n
LEXER BUG - UNMATCHED: g
LEXER BUG - UNMATCHED: t
LEXER BUG - UNMATCHED: h
LEXER BUG - UNMATCHED: c
LEXER BUG - UNMATCHED: e
LEXER BUG - UNMATCHED: l
LEXER BUG - UNMATCHED: l
LEXER BUG - UNMATCHED: p
LEXER BUG - UNMATCHED: o
LEXER BUG - UNMATCHED: s
LEXER BUG - UNMATCHED: i
LEXER BUG - UNMATCHED: t
LEXER BUG - UNMATCHED: i
LEXER BUG - UNMATCHED: o
LEXER BUG - UNMATCHED: n
LEXER BUG - UNMATCHED: t
LEXER BUG - UNMATCHED: S
LEXER BUG - UNMATCHED: t
LEXER BUG - UNMATCHED: r
LEXER BUG - UNMATCHED: g
LEXER BUG - UNMATCHED: p
LEXER BUG - UNMATCHED: o
LEXER BUG - UNMATCHED: p
LEXER BUG - UNMATCHED: u
LEXER BUG - UNMATCHED: l
LEXER BUG - UNMATCHED: a
LEXER BUG - UNMATCHED: t
LEXER BUG - UNMATCHED: i
LEXER BUG - UNMATCHED: o
LEXER BUG - UNMATCHED: n
LEXER BUG - UNMATCHED: _
LEXER BUG - UNMATCHED: m
LEXER BUG - UNMATCHED: a
LEXER BUG - UNMATCHED: p
LEXER BUG - UNMATCHED: s
LEXER BUG - UNMATCHED: u
LEXER BUG - UNMATCHED: b
LEXER BUG - UNMATCHED: s
LEXER BUG - UNMATCHED: t
LEXER BUG - UNMATCHED: r
LEXER BUG - UNMATCHED: p
LEXER BUG - UNMATCHED: o
LEXER BUG - UNMATCHED: s
LEXER BUG - UNMATCHED: i
LEXER BUG - UNMATCHED: t
LEXER BUG - UNMATCHED: i
LEXER BUG - UNMATCHED: o
LEXER BUG - UNMATCHED: n
LEXER BUG - UNMATCHED: c
LEXER BUG - UNMATCHED: e
LEXER BUG - UNMATCHED: l
LEXER BUG - UNMATCHED: l
LEXER BUG - UNMATCHED: _
LEXER BUG - UNMATCHED: l
LEXER BUG - UNMATCHED: e
LEXER BUG - UNMATCHED: f
LEXER BUG - UNMATCHED: t
LEXER BUG - UNMATCHED: _
LEXER BUG - UNMATCHED: n
LEXER BUG - UNMATCHED: e
LEXER BUG - UNMATCHED: i
LEXER BUG - UNMATCHED: g
LEXER BUG - UNMATCHED: h
LEXER BUG - UNMATCHED: b
LEXER BUG - UNMATCHED: o
LEXER BUG - UNMATCHED: r
LEXER BUG - UNMATCHED: p
LEXER BUG - UNMATCHED: o
LEXER BUG - UNMATCHED: s
LEXER BUG - UNMATCHED: i
LEXER BUG - UNMATCHED: t
LEXER BUG - UNMATCHED: i
LEXER BUG - UNMATCHED: o
LEXER BUG - UNMATCHED: n
LEXER BUG - UNMATCHED: t
LEXER BUG - UNMATCHED: S
LEXER BUG - UNMATCHED: t
LEXER BUG - UNMATCHED: r
LEXER BUG - UNMATCHED: g
LEXER BUG - UNMATCHED: p
LEXER BUG - UNMATCHED: o
LEXER BUG - UNMATCHED: s
LEXER BUG - UNMATCHED: i
LEXER BUG - UNMATCHED: t
LEXER BUG - UNMATCHED: i
LEXER BUG - UNMATCHED: o
LEXER BUG - UNMATCHED: n
LEXER BUG - UNMATCHED: c
LEXER BUG - UNMATCHED: e
LEXER BUG - UNMATCHED: l
LEXER BUG - UNMATCHED: l
LEXER BUG - UNMATCHED: n
LEXER BUG - UNMATCHED: u
LEXER BUG - UNMATCHED: m
LEXER BUG - UNMATCHED: _
LEXER BUG - UNMATCHED: c
LEXER BUG - UNMATCHED: e
LEXER BUG - UNMATCHED: l
LEXER BUG - UNMATCHED: l
LEXER BUG - UNMATCHED: s
LEXER BUG - UNMATCHED: c
LEXER BUG - UNMATCHED: e
LEXER BUG - UNMATCHED: l
LEXER BUG - UNMATCHED: l
LEXER BUG - UNMATCHED: p
LEXER BUG - UNMATCHED: o
LEXER BUG - UNMATCHED: s
LEXER BUG - UNMATCHED: i
LEXER BUG - UNMATCHED: t
LEXER BUG - UNMATCHED: i
LEXER BUG - UNMATCHED: o
LEXER BUG - UNMATCHED: n
LEXER BUG - UNMATCHED: c
LEXER BUG - UNMATCHED: e
LEXER BUG - UNMATCHED: l
LEXER BUG - UNMATCHED: l
LEXER BUG - UNMATCHED: _
LEXER BUG - UNMATCHED: r
LEXER BUG - UNMATCHED: i
LEXER BUG - UNMATCHED: g
LEXER BUG - UNMATCHED: h
LEXER BUG - UNMATCHED: t
LEXER BUG - UNMATCHED: _
LEXER BUG - UNMATCHED: n
LEXER BUG - UNMATCHED: e
LEXER BUG - UNMATCHED: i
LEXER BUG - UNMATCHED: g
LEXER BUG - UNMATCHED: h
LEXER BUG - UNMATCHED: b
LEXER BUG - UNMATCHED: o
LEXER BUG - UNMATCHED: r
LEXER BUG - UNMATCHED: p
LEXER BUG - UNMATCHED: o
LEXER BUG - UNMATCHED: s
LEXER BUG - UNMATCHED: i
LEXER BUG - UNMATCHED: t
LEXER BUG - UNMATCHED: i
LEXER BUG - UNMATCHED: o
LEXER BUG - UNMATCHED: n
LEXER BUG - UNMATCHED: t
LEXER BUG - UNMATCHED: S
LEXER BUG - UNMATCHED: t
LEXER BUG - UNMATCHED: r
LEXER BUG - UNMATCHED: g
LEXER BUG - UNMATCHED: p
LEXER BUG - UNMATCHED: o
LEXER BUG - UNMATCHED: s
LEXER BUG - UNMATCHED: i
LEXER BUG - UNMATCHED: t
LEXER BUG - UNMATCHED: i
LEXER BUG - UNMATCHED: o
LEXER BUG - UNMATCHED: n
LEXER BUG - UNMATCHED: n
LEXER BUG - UNMATCHED: u
LEXER BUG - UNMATCHED: m
LEXER BUG - UNMATCHED: _
LEXER BUG - UNMATCHED: c
LEXER BUG - UNMATCHED: e
LEXER BUG - UNMATCHED: l
LEXER BUG - UNMATCHED: l
LEXER BUG - UNMATCHED: s
LEXER BUG - UNMATCHED: c
LEXER BUG - UNMATCHED: e
LEXER BUG - UNMATCHED: l
LEXER BUG - UNMATCHED: l
LEXER BUG - UNMATCHED: c
LEXER BUG - UNMATCHED: e
LEXER BUG - UNMATCHED: l
LEXER BUG - UNMATCHED: l
LEXER BUG - UNMATCHED: p
LEXER BUG - UNMATCHED: o
LEXER BUG - UNMATCHED: s
LEXER BUG - UNMATCHED: i
LEXER BUG - UNMATCHED: t
LEXER BUG - UNMATCHED: i
LEXER BUG - UNMATCHED: o
LEXER BUG - UNMATCHED: n
LEXER BUG - UNMATCHED: a
LEXER BUG - UNMATCHED: c
LEXER BUG - UNMATCHED: e
LEXER BUG - UNMATCHED: l
LEXER BUG - UNMATCHED: l
LEXER BUG - UNMATCHED: w
LEXER BUG - UNMATCHED: i
LEXER BUG - UNMATCHED: l
LEXER BUG - UNMATCHED: l
LEXER BUG - UNMATCHED: l
LEXER BUG - UNMATCHED: i
LEXER BUG - UNMATCHED: v
LEXER BUG - UNMATCHED: e
LEXER BUG - UNMATCHED: e
LEXER BUG - UNMATCHED: x
LEXER BUG - UNMATCHED: a
LEXER BUG - UNMATCHED: c
LEXER BUG - UNMATCHED: t
LEXER BUG - UNMATCHED: l
LEXER BUG - UNMATCHED: y
LEXER BUG - UNMATCHED: i
LEXER BUG - UNMATCHED: t
LEXER BUG - UNMATCHED: s
LEXER BUG - UNMATCHED: e
LEXER BUG - UNMATCHED: l
LEXER BUG - UNMATCHED: f
LEXER BUG - UNMATCHED: a
LEXER BUG - UNMATCHED: n
LEXER BUG - UNMATCHED: d
LEXER BUG - UNMATCHED: i
LEXER BUG - UNMATCHED: t
LEXER BUG - UNMATCHED: '
LEXER BUG - UNMATCHED: s
LEXER BUG - UNMATCHED: i
LEXER BUG - UNMATCHED: m
LEXER BUG - UNMATCHED: m
LEXER BUG - UNMATCHED: e
LEXER BUG - UNMATCHED: d
LEXER BUG - UNMATCHED: i
LEXER BUG - UNMATCHED: a
LEXER BUG - UNMATCHED: t
LEXER BUG - UNMATCHED: e
LEXER BUG - UNMATCHED: n
LEXER BUG - UNMATCHED: e
LEXER BUG - UNMATCHED: i
LEXER BUG - UNMATCHED: g
LEXER BUG - UNMATCHED: h
LEXER BUG - UNMATCHED: b
LEXER BUG - UNMATCHED: o
LEXER BUG - UNMATCHED: r
LEXER BUG - UNMATCHED: s
LEXER BUG - UNMATCHED: a
LEXER BUG - UNMATCHED: r
LEXER BUG - UNMATCHED: e
LEXER BUG - UNMATCHED: a
LEXER BUG - UNMATCHED: l
LEXER BUG - UNMATCHED: i
LEXER BUG - UNMATCHED: v
LEXER BUG - UNMATCHED: e
LEXER BUG - UNMATCHED: c
LEXER BUG - UNMATCHED: e
LEXER BUG - UNMATCHED: l
LEXER BUG - UNMATCHED: l
LEXER BUG - UNMATCHED: _
LEXER BUG - UNMATCHED: a
LEXER BUG - UNMATCHED: t
LEXER BUG - UNMATCHED: _
LEXER BUG - UNMATCHED: n
LEXER BUG - UNMATCHED: e
LEXER BUG - UNMATCHED: x
LEXER BUG - UNMATCHED: t
LEXER BUG - UNMATCHED: _
LEXER BUG - UNMATCHED: e
LEXER BUG - UNMATCHED: v
LEXER BUG - UNMATCHED: o
LEXER BUG - UNMATCHED: l
LEXER BUG - UNMATCHED: u
LEXER BUG - UNMATCHED: t
LEXER BUG - UNMATCHED: i
LEXER BUG - UNMATCHED: o
LEXER BUG - UNMATCHED: n
LEXER BUG - UNMATCHED: p
LEXER BUG - UNMATCHED: o
LEXER BUG - UNMATCHED: s
LEXER BUG - UNMATCHED: i
LEXER BUG - UNMATCHED: t
LEXER BUG - UNMATCHED: i
LEXER BUG - UNMATCHED: o
LEXER BUG - UNMATCHED: n
LEXER BUG - UNMATCHED: t
LEXER BUG - UNMATCHED: S
LEXER BUG - UNMATCHED: t
LEXER BUG - UNMATCHED: r
LEXER BUG - UNMATCHED: g
LEXER BUG - UNMATCHED: c
LEXER BUG - UNMATCHED: e
LEXER BUG - UNMATCHED: l
LEXER BUG - UNMATCHED: l
LEXER BUG - UNMATCHED: p
LEXER BUG - UNMATCHED: o
LEXER BUG - UNMATCHED: s
LEXER BUG - UNMATCHED: i
LEXER BUG - UNMATCHED: t
LEXER BUG - UNMATCHED: i
LEXER BUG - UNMATCHED: o
LEXER BUG - UNMATCHED: n
LEXER BUG - UNMATCHED: "
LEXER BUG - UNMATCHED: X
LEXER BUG - UNMATCHED: "
LEXER BUG - UNMATCHED: c
LEXER BUG - UNMATCHED: e
LEXER BUG - UNMATCHED: l
LEXER BUG - UNMATCHED: l
LEXER BUG - UNMATCHED: _
LEXER BUG - UNMATCHED: l
LEXER BUG - UNMATCHED: e
LEXER BUG - UNMATCHED: f
LEXER BUG - UNMATCHED: t
LEXER BUG - UNMATCHED: _
LEXER BUG - UNMATCHED: n
LEXER BUG - UNMATCHED: e
LEXER BUG - UNMATCHED: i
LEXER BUG - UNMATCHED: g
LEXER BUG - UNMATCHED: h
LEXER BUG - UNMATCHED: b
LEXER BUG - UNMATCHED: o
LEXER BUG - UNMATCHED: r
LEXER BUG - UNMATCHED: p
LEXER BUG - UNMATCHED: o
LEXER BUG - UNMATCHED: s
LEXER BUG - UNMATCHED: i
LEXER BUG - UNMATCHED: t
LEXER BUG - UNMATCHED: i
LEXER BUG - UNMATCHED: o
LEXER BUG - UNMATCHED: n
LEXER BUG - UNMATCHED: "
LEXER BUG - UNMATCHED: X
LEXER BUG - UNMATCHED: "
LEXER BUG - UNMATCHED: c
LEXER BUG - UNMATCHED: e
LEXER BUG - UNMATCHED: l
LEXER BUG - UNMATCHED: l
LEXER BUG - UNMATCHED: _
LEXER BUG - UNMATCHED: r
LEXER BUG - UNMATCHED: i
LEXER BUG - UNMATCHED: g
LEXER BUG - UNMATCHED: h
LEXER BUG - UNMATCHED: t
LEXER BUG - UNMATCHED: _
LEXER BUG - UNMATCHED: n
LEXER BUG - UNMATCHED: e
LEXER BUG - UNMATCHED: i
LEXER BUG - UNMATCHED: g
LEXER BUG - UNMATCHED: h
LEXER BUG - UNMATCHED: b
LEXER BUG - UNMATCHED: o
LEXER BUG - UNMATCHED: r
LEXER BUG - UNMATCHED: p
LEXER BUG - UNMATCHED: o
LEXER BUG - UNMATCHED: s
LEXER BUG - UNMATCHED: i
LEXER BUG - UNMATCHED: t
LEXER BUG - UNMATCHED: i
LEXER BUG - UNMATCHED: o
LEXER BUG - UNMATCHED: n
LEXER BUG - UNMATCHED: "
LEXER BUG - UNMATCHED: X
LEXER BUG - UNMATCHED: "
LEXER BUG - UNMATCHED: "
LEXER BUG - UNMATCHED: X
LEXER BUG - UNMATCHED: "
LEXER BUG - UNMATCHED: '
LEXER BUG - UNMATCHED: '
LEXER BUG - UNMATCHED: e
LEXER BUG - UNMATCHED: v
LEXER BUG - UNMATCHED: o
LEXER BUG - UNMATCHED: l
LEXER BUG - UNMATCHED: v
LEXER BUG - UNMATCHED: e
LEXER BUG - UNMATCHED: S
LEXER BUG - UNMATCHED: E
LEXER BUG - UNMATCHED: L
LEXER BUG - UNMATCHED: F
LEXER BUG - UNMATCHED: _
LEXER BUG - UNMATCHED: T
LEXER BUG - UNMATCHED: Y
LEXER BUG - UNMATCHED: P
LEXER BUG - UNMATCHED: E
LEXER BUG - UNMATCHED: p
LEXER BUG - UNMATCHED: o
LEXER BUG - UNMATCHED: s
LEXER BUG - UNMATCHED: i
LEXER BUG - UNMATCHED: t
LEXER BUG - UNMATCHED: i
LEXER BUG - UNMATCHED: o
LEXER BUG - UNMATCHED: n
LEXER BUG - UNMATCHED: t
LEXER BUG - UNMATCHED: n
LEXER BUG - UNMATCHED: u
LEXER BUG - UNMATCHED: m
LEXER BUG - UNMATCHED: t
LEXER BUG - UNMATCHED: n
LEXER BUG - UNMATCHED: u
LEXER BUG - UNMATCHED: m
LEXER BUG - UNMATCHED: _
LEXER BUG - UNMATCHED: c
LEXER BUG - UNMATCHED: e
LEXER BUG - UNMATCHED: l
LEXER BUG - UNMATCHED: l
LEXER BUG - UNMATCHED: s
LEXER BUG - UNMATCHED: [
LEXER BUG - UNMATCHED: ]
LEXER BUG - UNMATCHED: t
LEXER BUG - UNMATCHED: e
LEXER BUG - UNMATCHED: m
LEXER BUG - UNMATCHED: p
LEXER BUG - UNMATCHED: S
LEXER BUG - UNMATCHED: t
LEXER BUG - UNMATCHED: r
LEXER BUG - UNMATCHED: g
LEXER BUG - UNMATCHED: p
LEXER BUG - UNMATCHED: o
LEXER BUG - UNMATCHED: s
LEXER BUG - UNMATCHED: i
LEXER BUG - UNMATCHED: t
LEXER BUG - UNMATCHED: i
LEXER BUG - UNMATCHED: o
LEXER BUG - UNMATCHED: n
LEXER BUG - UNMATCHED: n
LEXER BUG - UNMATCHED: u
LEXER BUG - UNMATCHED: m
LEXER BUG - UNMATCHED: t
LEXER BUG - UNMATCHED: e
LEXER BUG - UNMATCHED: m
LEXER BUG - UNMATCHED: p
LEXER BUG - UNMATCHED: t
LEXER BUG - UNMATCHED: e
LEXER BUG - UNMATCHED: m
LEXER BUG - UNMATCHED: p
LEXER BUG - UNMATCHED: c
LEXER BUG - UNMATCHED: o
LEXER BUG - UNMATCHED: n
LEXER BUG - UNMATCHED: c
LEXER BUG - UNMATCHED: a
LEXER BUG - UNMATCHED: t
LEXER BUG - UNMATCHED: c
LEXER BUG - UNMATCHED: e
LEXER BUG - UNMATCHED: l
LEXER BUG - UNMATCHED: l
LEXER BUG - UNMATCHED: _
LEXER BUG - UNMATCHED: a
LEXER BUG - UNMATCHED: t
LEXER BUG - UNMATCHED: _
LEXER BUG - UNMATCHED: n
LEXER BUG - UNMATCHED: e
LEXER BUG - UNMATCHED: x
LEXER BUG - UNMATCHED: t
LEXER BUG - UNMATCHED: _
LEXER BUG - UNMATCHED: e
LEXER BUG - UNMATCHED: v
LEXER BUG - UNMATCHED: o
LEXER BUG - UNMATCHED: l
LEXER BUG - UNMATCHED: u
LEXER BUG - UNMATCHED: t
LEXER BUG - UNMATCHED: i
LEXER BUG - UNMATCHED: o
LEXER BUG - UNMATCHED: n
LEXER BUG - UNMATCHED: p
LEXER BUG - UNMATCHED: o
LEXER BUG - UNMATCHED: s
LEXER BUG - UNMATCHED: i
LEXER BUG - UNMATCHED: t
LEXER BUG - UNMATCHED: i
LEXER BUG - UNMATCHED: o
LEXER BUG - UNMATCHED: n
LEXER BUG - UNMATCHED: p
LEXER BUG - UNMATCHED: o
LEXER BUG - UNMATCHED: s
LEXER BUG - UNMATCHED: i
LEXER BUG - UNMATCHED: t
LEXER BUG - UNMATCHED: i
LEXER BUG - UNMATCHED: o
LEXER BUG - UNMATCHED: n
LEXER BUG - UNMATCHED: p
LEXER BUG - UNMATCHED: o
LEXER BUG - UNMATCHED: s
LEXER BUG - UNMATCHED: i
LEXER BUG - UNMATCHED: t
LEXER BUG - UNMATCHED: i
LEXER BUG - UNMATCHED: o
LEXER BUG - UNMATCHED: n
LEXER BUG - UNMATCHED: p
LEXER BUG - UNMATCHED: o
LEXER BUG - UNMATCHED: p
LEXER BUG - UNMATCHED: u
LEXER BUG - UNMATCHED: l
LEXER BUG - UNMATCHED: a
LEXER BUG - UNMATCHED: t
LEXER BUG - UNMATCHED: i
LEXER BUG - UNMATCHED: o
LEXER BUG - UNMATCHED: n
LEXER BUG - UNMATCHED: _
LEXER BUG - UNMATCHED: m
LEXER BUG - UNMATCHED: a
LEXER BUG - UNMATCHED: p
LEXER BUG - UNMATCHED: t
LEXER BUG - UNMATCHED: e
LEXER BUG - UNMATCHED: m
LEXER BUG - UNMATCHED: p
LEXER BUG - UNMATCHED: s
LEXER BUG - UNMATCHED: e
LEXER BUG - UNMATCHED: l
LEXER BUG - UNMATCHED: f
LEXER BUG - UNMATCHED: M
LEXER BUG - UNMATCHED: a
LEXER BUG - UNMATCHED: c
LEXER BUG - UNMATCHED: e
LEXER BUG - UNMATCHED: l
LEXER BUG - UNMATCHED: l
LEXER BUG - UNMATCHED: s
LEXER BUG - UNMATCHED: C
LEXER BUG - UNMATCHED: e
LEXER BUG - UNMATCHED: l
LEXER BUG - UNMATCHED: l
LEXER BUG - UNMATCHED: u
LEXER BUG - UNMATCHED: l
LEXER BUG - UNMATCHED: a
LEXER BUG - UNMATCHED: r
LEXER BUG - UNMATCHED: A
LEXER BUG - UNMATCHED: u
LEXER BUG - UNMATCHED: t
LEXER BUG - UNMATCHED: o
LEXER BUG - UNMATCHED: m
LEXER BUG - UNMATCHED: a
LEXER BUG - UNMATCHED: t
LEXER BUG - UNMATCHED: o
LEXER BUG - UNMATCHED: n
LEXER BUG - UNMATCHED: m
LEXER BUG - UNMATCHED: a
LEXER BUG - UNMATCHED: S
LEXER BUG - UNMATCHED: E
LEXER BUG - UNMATCHED: L
LEXER BUG - UNMATCHED: F
LEXER BUG - UNMATCHED: _
LEXER BUG - UNMATCHED: T
LEXER BUG - UNMATCHED: Y
LEXER BUG - UNMATCHED: P
LEXER BUG - UNMATCHED: E
LEXER BUG - UNMATCHED: c
LEXER BUG - UNMATCHED: e
LEXER BUG - UNMATCHED: l
LEXER BUG - UNMATCHED: l
LEXER BUG - UNMATCHED: s
LEXER BUG - UNMATCHED: C
LEXER BUG - UNMATCHED: e
LEXER BUG - UNMATCHED: l
LEXER BUG - UNMATCHED: l
LEXER BUG - UNMATCHED: u
LEXER BUG - UNMATCHED: l
LEXER BUG - UNMATCHED: a
LEXER BUG - UNMATCHED: r
LEXER BUG - UNMATCHED: A
LEXER BUG - UNMATCHED: u
LEXER BUG - UNMATCHED: t
LEXER BUG - UNMATCHED: o
LEXER BUG - UNMATCHED: m
LEXER BUG - UNMATCHED: a
LEXER BUG - UNMATCHED: t
LEXER BUG - UNMATCHED: o
LEXER BUG - UNMATCHED: n
LEXER BUG - UNMATCHED: i
LEXER BUG - UNMATCHED: t
LEXER BUG - UNMATCHED: "
LEXER BUG - UNMATCHED: X
LEXER BUG - UNMATCHED: "
LEXER BUG - UNMATCHED: c
LEXER BUG - UNMATCHED: e
LEXER BUG - UNMATCHED: l
LEXER BUG - UNMATCHED: l
LEXER BUG - UNMATCHED: s
LEXER BUG - UNMATCHED: p
LEXER BUG - UNMATCHED: r
LEXER BUG - UNMATCHED: t
LEXER BUG - UNMATCHED: c
LEXER BUG - UNMATCHED: o
LEXER BUG - UNMATCHED: u
LEXER BUG - UNMATCHED: n
LEXER BUG - UNMATCHED: t
LEXER BUG - UNMATCHED: d
LEXER BUG - UNMATCHED: o
LEXER BUG - UNMATCHED: w
LEXER BUG - UNMATCHED: n
LEXER BUG - UNMATCHED: t
LEXER BUG - UNMATCHED: c
LEXER BUG - UNMATCHED: o
LEXER BUG - UNMATCHED: u
LEXER BUG - UNMATCHED: n
LEXER BUG - UNMATCHED: t
LEXER BUG - UNMATCHED: d
LEXER BUG - UNMATCHED: o
LEXER BUG - UNMATCHED: w
LEXER BUG - UNMATCHED: n
LEXER BUG - UNMATCHED: >
LEXER BUG - UNMATCHED: c
LEXER BUG - UNMATCHED: e
LEXER BUG - UNMATCHED: l
LEXER BUG - UNMATCHED: l
LEXER BUG - UNMATCHED: s
LEXER BUG - UNMATCHED: e
LEXER BUG - UNMATCHED: v
LEXER BUG - UNMATCHED: o
LEXER BUG - UNMATCHED: l
LEXER BUG - UNMATCHED: v
LEXER BUG - UNMATCHED: e
LEXER BUG - UNMATCHED: c
LEXER BUG - UNMATCHED: e
LEXER BUG - UNMATCHED: l
LEXER BUG - UNMATCHED: l
LEXER BUG - UNMATCHED: s
LEXER BUG - UNMATCHED: p
LEXER BUG - UNMATCHED: r
LEXER BUG - UNMATCHED: t
LEXER BUG - UNMATCHED: c
LEXER BUG - UNMATCHED: o
LEXER BUG - UNMATCHED: u
LEXER BUG - UNMATCHED: n
LEXER BUG - UNMATCHED: t
LEXER BUG - UNMATCHED: d
LEXER BUG - UNMATCHED: o
LEXER BUG - UNMATCHED: w
LEXER BUG - UNMATCHED: n
LEXER BUG - UNMATCHED: c
LEXER BUG - UNMATCHED: o
LEXER BUG - UNMATCHED: u
LEXER BUG - UNMATCHED: n
LEXER BUG - UNMATCHED: t
LEXER BUG - UNMATCHED: d
LEXER BUG - UNMATCHED: o
LEXER BUG - UNMATCHED: w
LEXER BUG - UNMATCHED: n
LEXER BUG - UNMATCHED: e
LEXER BUG - UNMATCHED: n
LEXER BUG - UNMATCHED: d
LEXER BUG - UNMATCHED: c
LEXER BUG - UNMATCHED: o
LEXER BUG - UNMATCHED: u
LEXER BUG - UNMATCHED: n
LEXER BUG - UNMATCHED: t
LEXER BUG - UNMATCHED: d
LEXER BUG - UNMATCHED: o
LEXER BUG - UNMATCHED: w
LEXER BUG - UNMATCHED: n
LEXER BUG - UNMATCHED: s
LEXER BUG - UNMATCHED: e
LEXER BUG - UNMATCHED: l
LEXER BUG - UNMATCHED: f
